u669.dat                       Fabuland Paint Brush
u9102p07.dat                   Figure Fabuland Torso with Necklace Pattern
u9328c01.dat                   Canvas Tepee Cover Formed
280.dat                        Train Base  6 x 22 Type 2 with Buffers
374p04.dat                     Baseplate 16 x 32 with Rounded Corners + Set 540 Dots Pattern
518.dat                        Minifig Cannon  2 x  8 Non-Shooting
539.dat                        Tyre for Wheel 41mm Znap
643.dat                        Technic Gear 35 Large Tooth
874.dat                        Tractor Chassis Steering Wheel
883.dat                        Electric Mindstorms RCX Module
915.dat                        Baseplate 24 x 32 Fire-House
915p01.dat                     Baseplate 24 x 32 with Driveways and Set EU357/US570 Dot Pattern
915p02.dat                     Baseplate 24 x 32 with Driveways and Set 347 Dot Pattern
925p04.dat                     Brick  1 x  8 w/o Centre Studs, Red "ESSO WAGENPFLEGE" Pattern
925p05.dat                     Brick  1 x  8 w/o Centre Studs, Blue "ESSO WAGENPFLEGE" Pattern
925p0a.dat                     Brick  1 x  8 with VW Logo and "FÖRSÄLJNING" Normal Pattern
973p1u.dat                     Minifig Torso with Zipper Jacket and  3 Pockets Pattern
973p2g.dat                     Minifig Torso with Blue Flowers on Tied Shirt Pattern 
973p2k.dat                     Minifig Torso with Palm Tree and Horse Pattern
973p41.dat                     Minifig Torso with Castle Chainmail Pattern
973p69.dat                     Minifig Torso with Space Police II and Radio Pattern
973p6i.dat                     Minifig Torso with Green Futuron Pattern
973p7j.dat                     Minifig Torso with Hooded Sweatshirt/Blue Pocket/Drawstring Patt
973p7k.dat                     Minifig Torso with Jail Stripes and "23768" Pattern
973p80.dat                     Minifig Torso with #1 Racing Pattern
973p87.dat                     Minifig Torso with Shirt, Pink/Salmon Tie and ID Badge
973p89.dat                     Minifig Torso with Crew Neck Sweater with Collar and "HAIL TO THE CHEF" on White Apron Pattern
973p8g.dat                     Minifig Torso with Blue Shirt and Safety Stripes Pattern
973p8m.dat                     Minifig Torso with Orange Dungarees, Sweater, Blue Pen in Pocket Pattern
973p8q.dat                     Minifig Torso Female with Lab Coat over Medium Blue Shirt with ID Badge and Space Shuttle Logo on Back Pattern
973p8r.dat                     Minifig Torso with Safety Vest with Reflective Stripes over Medium Blue Shirt, ID Badge and Red Pen around Neck Pattern
973p8t.dat                     Minifig Torso with Chef Jacket with  8 Buttons and Long Red Neckerchief Pattern
973p8v.dat                     Minifig Torso with Airplane Logo, White Shirt and Suit Pattern
973p8w.dat                     Minifig Torso with White Shirt with Dark Blue Tie, Gold Airline Pin, Belt and ID Badge Pattern
973pa2.dat                     Minifig Torso with Pharaoh Breastplate Pattern
973pa3.dat                     Minifig Torso with Safari Shirt, Gun, Red Bandana & Yellow Chest Pattern
973pa6.dat                     Minifig Torso with Safari Shirt, Blue Tee, Red Bandana Pattern
973pa8.dat                     Minifig Torso with Jacket, White Shirt, and Necklace Pattern
973pac.dat                     Minifig Torso with Mayan Necklace, Tribal Shirt & Navel Pattern
973pae.dat                     Minifig Torso with Female White Shirt, Open Jacket Pattern
973paq.dat                     Minifig Torso with 2 Chinese Letters Yellow Stripe Pattern
973pas.dat                     Minifig Torso with Blue Vest, Collar and Test Tube Pattern
973pat.dat                     Minifig Torso with Blue Vest, Pockets, Shirt and Drill Pattern
973pax.dat                     Minifig Torso with Safari Shirt, Gun, Red Bandana & White Chest Pattern
973pb6.dat                     Minifig Torso with Magenta Questionmark Pattern
973pb7.dat                     Minifig Torso with Dark Orange Vest and Purple Bow Tie Pattern
973pba.dat                     Minifig Torso Female with Harlequin Black/White Pattern
973pbn.dat                     Minifig Torso Riddler Black Question Mark on Chest and Back and Lavender Belt Pattern
973pbr.dat                     Minifig Torso with White Tiger Pattern
973pc23.dat                    Minifig Torso with Jacket, Bow Tie, Vest, Boutonniere Pattern
973pd13.dat                    Minifig Torso with Dress and Red Beads Necklace Pattern
973pdd.dat                     Minifig Torso with Blue Plaid Shirt Pattern
973pdf.dat                     Minifig Torso with Black Suit, Red Shirt, Gold Clasps Pattern
973pg0.dat                     Minifig Torso with Soccer Shirt "10" and "ZIDANE" Pattern
973ph5.dat                     Minifig Torso HP with Jacket and Light Grey Sweater Pattern
973ph6.dat                     Minifig Torso HP with Jacket and Dark Red Sweater Pattern
973ph7.dat                     Minifig Torso HP with Grey Sweater and Light Flesh Neck Pattern
973ph8.dat                     Minifig Torso HP with Dark Red Sweater and Yellow Neck Pattern
973pr0.dat                     Minifig Torso with SW Closed Shirt and Brown Belt Pattern
973pr7.dat                     Minifig Torso with SW Grey Shirt, Belt with Red Buckle Pattern
973prd.dat                     Minifig Torso with SW Leia Hoth Jacket Pattern
973prf.dat                     Minifig Torso SW Tank Top Pattern
973ps3.dat                     Minifig Torso with SW Wrap-Around Tunic Pattern
973ps6.dat                     Minifig Torso with SW Ben Kenobi Pattern
973psr.dat                     Minifig Torso with SW Protocol Droid Pattern
973psv.dat                     Minifig Torso with SW Moisture Farmer Pattern
973pw9.dat                     Minifig Torso with Brown Vest, Buckle and String Bowtie Pattern
2039.dat                       Lamppost  2 x  2 x  7
2345p04.dat                    Panel Wall  3 x  3 x  6 Corner with Scattered Bricks Pattern
2428.dat                       Rack  1 x 20
2431p03.dat                    Tile  1 x  4 with Wood Grain Pattern
2431p27.dat                    Tile  1 x  4 with Entwined Snakes Pattern
2431pc1.dat                    Tile  1 x  4 with Control Panel Pattern
2431pm0.dat                    Tile  1 x  4 with Ruler and Golden Trim Pattern
2431ps0.dat                    Tile  1 x  4 with SW Black Naboo Symbols Pattern
2435.dat                       Plant Tree Pyramidal  3 x  3 x  4
2440p67.dat                    Hinge  6 x  3 Radar/Blade/Spoiler/Panel with Ice Planet Pattern
2549.dat                       Rope Bridge (needs work)
2564.dat                       Boat Anchor
2586p4h.dat                    Minifig Shield Ovoid with Silver Skull on Dark Red Pattern
2598ps1.dat                    Windscreen 10 x 10 x  4 Octagonal Canopy with TIE Pattern
2698p01.dat                    Technic Action Figure Torso with White Zipper Pattern
2698p05.dat                    Technic Action Figure Torso with Jacket with Four Pockets
2698p06.dat                    Technic Action Figure Torso with Blue Seatbelt and Red Buckle Pattern
2865.dat                       Train Track  9V Straight
2903.dat                       Wheel 81.6 x 15 Motorcycle
2904.dat                       Technic Motorcycle Pivot
2907.dat                       Technic Ball with Grooves
2919.dat                       Electric Train Light Prism  1 x  4
2972.dat                       Train Base  6 x 34 Split-Level
2983.dat                       Electric Technic Micromotor Pulley
2989.dat                       Technic Brick  1 x  4 with Holes and Bumper Holder
3001p0b.dat                    Brick  2 x  4 with Wavy Mouth and Fangs Pattern
3001pk0.dat                    Brick  2 x  4 with Peace Sign, Road and Flowers Pattern
3001pt0.dat                    Brick  2 x  4 with Black "390" Pattern
3004p0c.dat                    Brick  1 x  2 with Santa Claus Face Pattern
3004pz0.dat                    Brick  1 x  2 with Bright Green Tie with Bright Light Orange Skulls Pattern
3005pf0.dat                    Brick  1 x  1 with Blue Cow and Flower Pattern
3005pf1.dat                    Brick  1 x  1 with Orange Slices Pattern
3039p58.dat                    Slope Brick 45  2 x  2 with Divers Computer Pattern
3039pc1.dat                    Slope Brick 45  2 x  2 with Gauge Pattern
3039pc4.dat                    Slope Brick 45  2 x  2 with 3 Gauges and 3 Knobs Pattern
3039ps5.dat                    Slope Brick 45  2 x  2 with SW Droid Tri-Fighter Pattern
3068bp40.dat                   Tile  2 x  2 with Magic Scroll Pattern
3068bp74.dat                   Tile  2 x  2 with Suspension Bridge Portrait Pattern
3068bp88.dat                   Tile  2 x  2 with Map, Heartlake City Bay Pattern
3068bpf4.dat                   Tile  2 x  2 with Fabuland Raccoon and 11 Pattern
3068bpff.dat                   Tile  2 x  2 with Fabuland Alarm Clock Pattern
3068bps0.dat                   Tile  2 x  2 with SW Snowspeeder Vent Pattern
3069bp0b.dat                   Tile  1 x  2 with Officer Picture and Handprint Pattern
3069bp54.dat                   Tile  1 x  2 with UFO Controls Pattern
3069bpa0.dat                   Tile  1 x  2 with Vehicle Gauges Pattern
3069bpa3.dat                   Tile  1 x  2 with Minifig and Dinosaur Pattern
3069bpap.dat                   Tile  1 x  2 with Blue Boxes and Bubbles Pattern
3069bpc4.dat                   Tile  1 x  2 with Avionics Black and Green Pattern
3069bpc7.dat                   Tile  1 x  2 with Game Controller Pattern
3069bpc8.dat                   Tile  1 x  2 with Smartphone with Sound Level Pattern
3069bph0.dat                   Tile  1 x  2 with Bag and Coins Pattern
3069bph1.dat                   Tile  1 x  2 with Chocolate Bar Pattern
3069bpk0.dat                   Tile  1 x  2 with Groove with Metallic Silver and Red Emblem Pattern
3069bps6.dat                   Tile  1 x  2 with SW Jedi Starfighter Controls Pattern
3069bps9.dat                   Tile  1 x  2 with Underwater Navigation Pattern
3069bpw4.dat                   Tile  1 x  2 with Card with Juggling Joker Pattern
3070bp30.dat                   Tile  1 x  1 with Magic Compass Pattern
3070bpc0.dat                   Tile  1 x  1 with Keypad Pattern
3127a.dat                      Plate  1 x  2 with Crane Hook Left
3127b.dat                      Plate  1 x  2 with Crane Hook Right
3183a.dat                      Plate  1 x  4 with Towball Socket Long with  2 Slots
3183b.dat                      Plate  1 x  4 with Towball Socket Long with  4 Slots
3183c.dat                      Plate  1 x  4 with Towball Socket Short with  4 Slots
3350p09.dat                    Roadsign Round with "BUS STOP" Pattern
3491.dat                       Plate  2 x  5 with Towball Socket
3613.dat                       Arm Piece with Towball Socket
3622p53.dat                    Brick  1 x  3 with Cat Face with Black Border Pattern
3626bp09.dat                   Minifig Head Female with Brown Eyebrows, Pupils, Eyelashes Pattern
3626bp0d.dat                   Minifig Head with Black Hair, Eyebrows and Smirk Pattern
3626bp66.dat                   Minifig Head with Blue Headband and Dark Orange Hair Pattern
3626bp68.dat                   Minifig Head with Silver Sunglasses and Red Headset Pattern
3626bp7a.dat                   Minifig Head with Brown Hair over Eye and Black Eyebrows Pattern
3626bp80.dat                   Minifig Head with Orange Beard and White Smile Pattern
3626bp84.dat                   Minifig Head with Smile, Black Eyebrows and White Pupils Pattern
3626bp85.dat                   Minifig Head with Smile, Brown Eyebrows and White Pupils Pattern
3626bpa3.dat                   Minifig Head with Smirk & Black Moustache Pattern
3626bpa4.dat                   Minifig Head with Villian Black Facial Hair Pattern
3626bpa6.dat                   Minifig Head with Brown Hair, Eyelashes, and Lipstick Pattern
3626bpap.dat                   Minifig Head with Smirk, Black Moustache and Cleft Chin Pattern
3626bpb1.dat                   Minifig Head with Pursed Lips and White Forehead Pattern
3626bpb2.dat                   Minifig Head with Mask Br.Green with Eyeholes and Smile Pattern
3626bpb5.dat                   Minifig Head with Green Lips and Red Eyebrows Pattern
3626bpb7.dat                   Minifig Head with Monocle and Black Slanted Eyebrows Pattern
3626bpba.dat                   Minifig Head with Black Mask, Blue Eyes and Black Lips Pattern
3626bpc44.dat                  Minifig Head with Open Smiling Mouth, Teeth and Tounge Pattern
3626bpw0.dat                   Minifig Head with Angry Moustache, White Teeth and Gold Tooth Pattern
3626bpw4.dat                   Minifig Head with Orange Painted Face Pattern
3626bpw5.dat                   Minifig Head with Painted Triangles Pattern
3626bpw6.dat                   Minifig Head with Red and Dark-Turquoise Painted Lines, Eyebrows, Pupils, Nose Pattern
3626cp8j.dat                   Minifig Head Open Smile with Teeth / Eyebrows, Scared 2-Sided Pattern
3626cp8l.dat                   Minifig Head Female with Silver Glasses and Pink Lips Smiling Pattern
3641.dat                       Tyre  6/ 50 x  8 Offset Tread
3678apc0.dat                   Slope Brick 65  2 x  2 x  2 with Lamps and Dials Pattern
3678bp4w.dat                   Slope Brick 65  2 x  2 x  2 with Tube and White Apron Pattern
3678bp4x.dat                   Slope Brick 65  2 x  2 x  2 with Tube and DarkGreen Dress Patt.
3678bph1.dat                   Slope Brick 65  2 x  2 x  2 with Inset Skirt HP Narcissa Malfoy Pattern
3705c01.dat                    Technic Axle  4 Threaded
3730.dat                       Plate  2 x  2 with Towball Socket
3737c01.dat                    Technic Axle 10 Threaded
3761.dat                       Window  1 x  6 x  5
3811p04.dat                    Baseplate 32 x 32 with Paradisa Island Pattern
3815pc6a.dat                   Minifig Hips with Red Roman Tunic and Belt Pattern
3815pq1.dat                    Minifig Hips with Gold X-Belt and Decorated Loincloth Pattern
3816p6g.dat                    Minifig Leg Right with White and Gold Markings Pattern
3816p6u.dat                    Minifig Leg Right with Orange Cable Pattern
3816p6v.dat                    Minifig Leg Right with Salmon Cable Pattern
3816paw.dat                    Minifig Leg Right with Dark Red Loincloth, White Claws and Fur Tail Pattern
3817paw.dat                    Minifig Leg Left with Dark Red Loincloth and White Claws Pattern
3833.dat                       Minifig Construction Helmet
3838.dat                       Minifig Airtanks
3846p4c.dat                    Minifig Shield Triangular with Blue Dragon Pattern
3896.dat                       Minifig Castle Helmet with Chin-Guard
3897p01.dat                    Roadsign Wide Rectangle with "Snack Bar" Sign Pattern
3961px0.dat                    Dish  8 x  8 Inverted with Blue Eye Pattern
4150p05.dat                    Tile  2 x  2 Round with Black Exhaust Port Pattern
4162p01.dat                    Tile  1 x  8 with "Robie House" Pattern
4162p02.dat                    Tile  1 x  8 with "Farnsworth House" Pattern
4162p03.dat                    Tile  1 x  8 with "Fallingwater" Pattern
4162p04.dat                    Tile  1 x  8 with "The White House" Pattern
4162p07.dat                    Tile  1 x  8 with "Brandenburger Tor" Pattern
4162p08.dat                    Tile  1 x  8 with "Sears Tower" Pattern
4162p0d.dat                    Tile  1 x  8 with "Sydney Opera House" Pattern
4162p0e.dat                    Tile  1 x  8 with "Sungnyemun" Pattern
4162p0i.dat                    Tile  1 x  8 with "September 2011" Pattern
4162p0m.dat                    Tile  1 x  8 with "Kladno Campus" Pattern
4162p0n.dat                    Tile  1 x  8 with "September 2012" Pattern
4162p0o.dat                    Tile  1 x  8 with "Imperial Hotel" Pattern
4162p0p.dat                    Tile  1 x  8 with "Leaning Tower of Pisa" Pattern
4162p0q.dat                    Tile  1 x  8 with "United Nations" Pattern
4162p0r.dat                    Tile  1 x  8 with "Headquarters" Pattern
4162p0u.dat                    Tile  1 x  8 with "Marina Bay Sands" Pattern
4162p0v.dat                    Tile  1 x  8 with "Trevi Fountain" Pattern
4162p0w.dat                    Tile  1 x  8 with "LOM Building B" Pattern
4162p0x.dat                    Tile  1 x  8 with "Lincoln Memorial" Pattern
4162p0y.dat                    Tile  1 x  8 with "Flatiron Building" Pattern
4162p12.dat                    Tile  1 x  8 with "New York City" Pattern
4162p15.dat                    Tile  1 x  8 with "THE SOLOMON R GUGGENHEIM" Pattern
4162p17.dat                    Tile  1 x  8 with "Chicago" Pattern
4186p01.dat                    Baseplate 48 x 48 with Soccer Field Half Pattern
4206.dat                       Fabuland Ladder
4268.dat                       Duplo Baseplate 24 x 24
4323.dat                       Fabuland Roof Slope without Top Hole
4346p61.dat                    Container Box  2 x  2 x  2 Door with Slot and Spyrius Pattern
4439.dat                       Fabuland Pickaxe
4444p07.dat                    Panel  2 x  5 x  6 with Red Scattered Bricks Pattern
4498.dat                       Minifig Arrow Quiver
004511c.dat                    Sticker  1 x  6 with White "Hospital" on Red
004630a.dat                    Sticker  1.2 x  3 with "Spirit of St. Louis" Right
004630b.dat                    Sticker  1.2 x  3 with "Spirit of St. Louis" Left
4698.dat                       Technic Axle Nut
4740p01.dat                    Dish  2 x  2 Inverted with Mushroom White Spots Pattern
4740p02.dat                    Dish  2 x  2 Inverted with Mushroom Tan Pattern
4856.dat                       Wedge  6 x  4 Inverted
4858p90.dat                    Wedge  4 x  4 with Classic Space Pattern
4876.dat                       Fabuland Slide
6028.dat                       Animal Dragon Tail
6040.dat                       Plate  2 x  2 x  0.667 with Axleholes and Octagonal Ring with Wings
6058.dat                       Cockpit  4 x 11 x  2 & 2/3
6082p01.dat                    Panel  4 x 10 x  6 Rock Rectangular with Blended DkGreen Base
6132.dat                       Minifig Hair Beard
6161.dat                       Brick 24 x 24 with 12 x 12 Quarter Circle Cutout (Needs Work)
6169.dat                       Staircase 13 x 13 x 12 Curved Open
6251.dat                       Animal Cat Crouching
6527.dat                       Duplo Wheel with 2 Belt Groves
6549.dat                       Technic 4 Speed Shift Lever
6551.dat                       Electric Technic Pole Reverser
6552.dat                       Electric Technic Pole Reverser Center
6589.dat                       Technic Gear 12 Tooth Bevel
6636p04.dat                    Tile  1 x  6 with "R. Guggenheim" Pattern
10051p01.dat                   Minifig Helmet Castle Uruk-Hai with Lateral Comb & Hand Pattern
10178p05.dat                   Rock Stepped with Black Zombie Pattern
11091.dat                      Animal Bird Wing  9L with Stylized Feathers
11092.dat                      Minifig Hand Gorilla Fist
11290.dat                      Slope Brick Curved  2 x  8 x  2 Double
11618.dat                      Figure Friends Hair Decoration, Bow with Heart, Long Ribbon with Pin
13459.dat                      Signpost Ornamented Type 2
13564.dat                      Animal Cow Horn  2.25L
14295c01.dat                   Minifig Skirt  1.5L Fringed (Formed)
14682.dat                      Exhaust Pipe with Pin and Flat Tip
14769p08.dat                   Tile  2 x  2 Round with Green Foliage Pattern
14769p81.dat                   Tile  2 x  2 Round with Round Underside Stud with Magenta Star and Record Pattern
14769p83.dat                   Tile  2 x  2 Round with Round Underside Stud with Tan and Dark Tan Tree Stump Pattern
14769pm0.dat                   Tile  2 x  2 Round with Round Underside Stud with Wind Element Pattern 
14769pm1.dat                   Tile  2 x  2 Round with Round Underside Stud with Fire Element Pattern 
14769pm2.dat                   Tile  2 x  2 Round with Round Underside Stud with Earth Element Pattern 
14769pm3.dat                   Tile  2 x  2 Round with Round Underside Stud with Water Element Pattern 
14769px0.dat                   Tile  2 x  2 Round with Coloured Clock Pattern
14769px1.dat                   Tile  2 x  2 Round with Round Underside Stud with Red and Pink Fan Pattern
15392.dat                      Minifig Gun Shooting Blaster Trigger
15427p02.dat                   Minifig Hair Ponytail Off-centre with Magenta Stripe Pattern
15457.dat                      Technic Worm Gear 3L with Bush Ends
15526.dat                      Minifig Baby Body with Bodysuit
16770.dat                      Claw Wide with Clip
16820.dat                      Minifig Skirt  0.7L with 11 Diamond Points
18200c01.dat                   Minifig Skirt  1.5L Fringed with Stepped Edge (Formed)
18945.dat                      Technic Panel  5 x 11 Trapezium
18948.dat                      Technic Axle Joiner  3L with Ridges for Driving Ring
18972.dat                      Windscreen  5 x  4 x  1.667 Curved
18973.dat                      Windscreen  6 x  4 x  1.333 Curved
22391.dat                      Wedge  4 x  4 Pointed
24119.dat                      Technic Panel Smooth  7 x  2 x  3
24120.dat                      Technic Excavator Bucket  4 x  5
26287.dat                      Technic Axle Joiner  3L
30045.dat                      Window  1 x  2 x  2.667 Pane Twisted Bar with Rounded Top
30092.dat                      Minifig Underwater Scooter
30120p01.dat                   Minifig Helmet with Hexagonal Top and Gold Alien Pattern
30120p02.dat                   Minifig Helmet with Hexagonal Top and Silver Alien Pattern
30132.dat                      Minifig Gun Revolver
30138.dat                      Minifig Headdress Indian Warbonnet
30138p01.dat                   Minifig Headdress Indian Warbonnet with Colored Feathers Pattern
30171.dat                      Minifig Cap Aviator
30174.dat                      Minifig Armor Samurai
30183.dat                      Slope Brick 45  6 x  4 Double Inverted
30195.dat                      Plate  2 x  6 with Half Saucer
30200.dat                      Cockpit  6 x  6 x  3.333 Octagonal Canopy Base
30239.dat                      Plant Leaves  6 x  5 Swordleaf with Clip
30274.dat                      Brick  2 x  3 x  3 with Lion's Head Carving and Cutout
30296p01.dat                   Arch  2 x 14 x  2.333 with Danger Stripes Pattern
30299.dat                      Cockpit 10 x 14 x  2.667
30303.dat                      Plate  6 x  6 x  0.667 Cross with Dome
30324.dat                      Wheel Hard with Treads
30360.dat                      Cylinder  3 x  6 x  2 2/3 Horizontal
30366ps0.dat                   Windscreen  3 x  6 x  5 Canopy with Millennium Falcon Pattern
30368.dat                      Minifig Helmet Darth Vader
30518.dat                      Support  2 x 16 x  2 Girder Triangular
30603.dat                      Slope Brick  2 x  2 x  1 with Flanges and Pistons
30626.dat                      Car Spoiler  3 x  4 x  6
30647.dat                      Technic Side Flaring Intake  1 x  4 with Two Pins
32030.dat                      Technic Excavator Bucket 18 x 10
32090.dat                      Technic Tread Frame 5-point
32137.dat                      Technic Connector Block  3 x  2 x  2
32216.dat                      Znap Beam Curved 14 Holes
32249.dat                      Technic Beam  3 x  3 x  0.5 Liftarm Bent 90 Quarter Circle
32250.dat                      Technic Beam  3 x  5 x  0.5 Liftarm Bent 90 Quarter Ellipse
32298p01.dat                   Tyre 61/ 41 x 54 Power Puller w/ White "Technic Power" Pattern
32308.dat                      Technic Beam  7 x  3 x  2 Liftarm Split
32523p01.dat                   Technic Beam  3 with "40 1977 - 2017" Text and 24 Tooth Gear Pattern
32531.dat                      Technic Brick  4 x  6 with Open Center  2 x  4
32577.dat                      Technic Bionicle Torso  1 x  5 x  2 with  3 Pins and  6 Pegholes
33054.dat                      Minifig Mug
33078.dat                      Minifig Food Sausage
33089.dat                      Scala Support  4 x  4 x  5.667
33120.dat                      Minifig Food Ice Cream Cone
33211.dat                      Wheel  3.2 x 43 with 10 Spokes Wooden
40375.dat                      Animal Dinosaur Body Neck/Tail Ring
41334.dat                      Minifig Hat Knit Cap
41679.dat                      Technic Beam  4 x  0.5 Liftarm with Click Rotation Hinge Half
41680.dat                      Technic Pin with Friction with Click Rotation Ring
41883.dat                      Windscreen  6 x  4 x  2 Canopy Curved
42284.dat                      Rock  4 x  4 x  1.333 Top
42291.dat                      Rock  4 x  4 x  1.667 Bottom
42448.dat                      Gate  1 x  4 x  9 Arched with Bars
42608.dat                      Plate  2 x  4 with Holes and Pins
43712.dat                      Wedge  6 x  4 Triple Curved
44225.dat                      Technic Beam  3 with Rotation Joint 3 Pin
44336p01.dat                   Baseplate 32 x 32 Road 6-Stud Straight with Road Pattern
45410.dat                      Slope Brick Curved  6 x  8 x  2 Inverted Double
45411.dat                      Slope Brick Curved  6 x  8 x  2 Double
45575.dat                      Technic Double Flexible Fixing Pin
45677.dat                      Wedge  4 x  4 x  0.667 Curved
45695.dat                      Brick  2 x  2 x  8 with Vertical Grooves on All Sides and Peg 
47455.dat                      Technic Pin with Friction with Click Rotation Pin
47675.dat                      Container Storage X-Pod Top (Needs Work)
47759pm0.dat                   Wedge  2 x  4 Triple with Spider Eyes Pattern
47974.dat                      Brick  4 x  8 Round Half Circle
48245.dat                      Bucket  2 x  2
48723.dat                      Bar  1L Quadruple with Axlehole Hub
50231.dat                      Minifig Cape Cloth
50745.dat                      Car Mudguard  4 x  2.5 x  2
50862.dat                      Wheel  6 x 14 Spoked with Stub Axles
50914.dat                      Technic Bionicle Weapon Pincer Suukorak
50947p01.dat                   Car Mudguard  4.5 x  1 x  1 with Flame and Headlight Pattern (Needs Work)
51542.dat                      Baseplate 32 x 48 Raised with Level Front
52031.dat                      Wedge  4 x  6 x  0.667 Curved
52041.dat                      Brick Hollow  4 x 12 x  3 with 8 Pegholes
53451.dat                      Minifig Helmet Viking Horn
54872p09.dat                   Minifig Head SpongeBob with Super Hero Pattern
55707e.dat                     Minifig Propellor with Bat Wings
55767.dat                      Technic Support 31 x 13 Bridge Side
56630.dat                      Minifig Cape Cloth Scalloped  5 Points
57792.dat                      Cylinder  6 x  3 x 10 Half with Taper and Four Pin Holes
57895p01.dat                   Glass for Window  1 x  4 x  6 with Japanese "Ninja" Pattern
60641.dat                      Figure Troll Hand Left
61199.dat                      Minifig Lightsaber Hilt Short Curved
61287.dat                      Minifig Helmet Bubble Half
61487.dat                      Slope Brick Curved  4 x  4 x  2
61678p01.dat                   Slope Brick Curved  4 x  1 with Silver Swirl and Stars Pattern
62821.dat                      Technic Differential with One Gear 28 Tooth Bevel
64275.dat                      Technic Bionicle Thornax Launcher Half  1 x  8
64449.dat                      Support  1 x  6 x 10 Girder Triangular
64450.dat                      Windscreen  6 x  4 x  3.333 Roll Cage
71427c01.dat                   Electric Technic Mini-Motor  9v
85651.dat                      Sail Triangular 17 x 21
85984ps1.dat                   Slope Brick 31  1 x  2 x  0.667 with SW Reddish Console Pattern
87079p01.dat                   Tile  2 x  4 with Groove with Japanese "Dragon God" Pattern
87079p04.dat                   Tile  2 x  4 with "Erithacus rubecula" Pattern
87692.dat                      Minifig Plume Triple
87993.dat                      Minifig Gun Laser Pistol
88290.dat                      Minifig Scabbard for Two Swords
88492.dat                      Train Track Flexible Segment Female Half
88493.dat                      Train Track Flexible Segment Male Half
89522.dat                      Animal Horn Spiral
90201.dat                      Plate  2 x  6 with Sloped Bars
90397p02.dat                   Minifig Surf Board  2 x  6.5 with Pink Flames Pattern
92198p06.dat                   Figure Friends Female Head with Light Blue Eyes with Eye Shadow, Red Lips and Closed Mouth Pattern
92591.dat                      Cylinder Half  3 x  6 x 10 with  1 x  2 Cutout
92908.dat                      Technic Steering Portal Axle Frame
93089p03.dat                   Animal Cat Standing Looking Left with Tan Eyes and Brown Stripes Pattern
93553.dat                      Minifig Hand Fan
93587.dat                      Car Mudguard  3 x  4 x  1.667 Curved
93604.dat                      Slope Brick Curved  3 x  4 x  0.667 Rounded
93609.dat                      Arm Skeleton with Horizontal Clip Bent 56.31
95228p01.dat                   Minifig Bottle  1 x  1 x  2 Cylindrical with Bottle Ship Pattern
95348.dat                      Minifig Sword Scabbard with Shoulder Strap
96480.dat                      Figure Friends Hair Brush with Heart on Reverse
96491.dat                      Minifig Crown Tiara Flat with Arched Bottom
97785.dat                      Figure Friends Dish Rectangular
97787.dat                      Figure Friends Spatula with  3 Holes
97790.dat                      Figure Friends Frying Pan
97791.dat                      Figure Friends Mixing Bowl
98138p0h.dat                   Tile  1 x  1 Round with Soda Pop Can Top Pattern
98138p0n.dat                   Tile  1 x  1 Round with Tan and Dark Tan Tree Stump Pattern
98138p82.dat                   Tile  1 x  1 Round with Cookie Light Aqua Frosting Pattern
98138p86.dat                   Tile  1 x  1 Round with Acorn Pattern
98138p87.dat                   Tile  1 x  1 Round with White Animal Paw on Dark Brown Background Pattern
98138pn1.dat                   Tile  1 x  1 Round with Ninjago Trapped Jay Pattern
98138pn4.dat                   Tile  1 x  1 Round with Ninjago Trapped Sensei Wu Pattern
98138ps3.dat                   Tile  1 x  1 Round with Electronic Eye Pattern
98138pt0.dat                   Tile  1 x  1 Round with 'RS' Pattern
98282.dat                      Car Mudguard  4 x  2.5 x  1
98347.dat                      Technic Blade Curved  0.5 x  4 with Pin Hole
98393d.dat                     Medical Thermometer
99012.dat                      Technic Rotor  1 Blade  8L with Peghole and Axlehole 
99464.dat                      Minifig Cape Cloth Short
169595a.dat                    Sticker  0.9 x  7.9 with "315" and Red Stripe with Stars - Right
169595b.dat                    Sticker  0.9 x  7.9 with "315" and Red Stripe with Stars - Left
191915e.dat                    Sticker  0.9 x  6 with White "SPEISEWAGEN"
191915k.dat                    Sticker  1.1 x  1.9 with "Wien / Zürich"
192425a.dat                    Sticker  2.4 x  3 with Classic Space Logo
194065a.dat                    Sticker  2.3 x  4.5 with Musical Notes on Staff
194065b.dat                    Sticker  3.6 x  2 with Mailbox and Newspaper
195835a.dat                    Sticker  2.9 x  2.6 With Dial and Staggered Figures
195835b.dat                    Sticker  3.7 x  1.8 with Number 70 and Clamps
195835c.dat                    Sticker  1.9 x  4.4 with Fuel Pump Hose and Clamp
195835d.dat                    Sticker  2.7 x  1.7 with Bucket and Faucet
197905a.dat                    Sticker  2.7 x  1.1 with Black "MC 5510" on White Background
197905b.dat                    Sticker  1.6 x  1.3 with Black "MC 5510" on White Background
600880p01c01.dat               Minifig Skirt  1.1L with Straight Bottom with Dark Green Apron Pattern (Formed)
4100418i.dat                   Sticker  1.4 x  1.9 with 5 Dials and 5 Buttons
4105242a.dat                   Sticker  2.9 x  4.0 with White Airplane, Yellow Disc and Sky Scene - Right
4106331a.dat                   Sticker  5.4 x  3.6 with "BANK" Sign
4106331b.dat                   Sticker  5.5 x  3.7 with Reversed "OPEN" Sign
4106331c.dat                   Sticker  5.4 x  3.6 with "GENERAL STORE" Sign
4106331d.dat                   Sticker  3.3 x  7.6 with "$" and "BANK" Sign
4114141a.dat                   Sticker  1.5 x  3.5 with Eyes and Open Mouth with Pointed Teeth Facing Right
4129790b.dat                   Sticker  1.2 x  6 with White "P&O Stena" on Blue
4250285b.dat                   Sticker  0.9 x  3.9 with Red Symmetric Flame on Black/Yellow
4297014f.dat                   Sticker  2.5 x  3.6 with Joker Face
4521703a.dat                   Sticker  1.1 x  8 with "CARWASH" and Red/Green Stripes
4521703u.dat                   Sticker  3.5 x  3.9 with "LEGO TOWN" Map
4533401gc01.dat                Sticker  1.6 x  6.0 with Hexagonal Controls (Formed)
4568123a.dat                   Sticker  1.1 x  1.7 with  3 Lines Yellow and Blue Alien Text
4568123d.dat                   Sticker  1.1 x  1.7 with Yellow and Blue Alien Text, Planet Outline
4568123e.dat                   Sticker  1.1 x  1.7 with  5 Lines Yellow and Blue Alien Text
4589552c.dat                   Sticker  0.9 x  2.8 with Black Skyline on Blue Gradient Background with Sun
4589552d.dat                   Sticker  0.9 x  2.8 with Black Skyline on Blue Gradient Background
4615865d.dat                   Sticker  0.8 x  1.6 with Black/Red "POLICE" on White/Blue Stripes
4622303h.dat                   Sticker  0.75 x  3.75 Silver "Mercedes-Benz" on Black
4624296b.dat                   Sticker  1.75 x  1.75 Round with White "STOP FUEL" on Red Background
4629677c.dat                   Sticker  1.8 x  0.8 with Golden Post Horn and "9.00 - 17.00"
4629677f.dat                   Sticker  1.9 x  1.9 Round with Five-String Banjo
6005724a1.dat                  Sticker  0.8 x  3.9 (No.  1) with Wood Grain and Nails Type 1
6005724a2.dat                  Sticker  0.8 x  3.9 (No.  2) with Wood Grain and Nails Type 2
6005724a3.dat                  Sticker  0.8 x  3.9 (No.  3) with Wood Grain and Nails Type 3
6005724a4.dat                  Sticker  0.8 x  3.9 (No.  4) with Wood Grain and Nails Type 4
6005724c2.dat                  Sticker  0.8 x  5.9 (No. 10) with Bricks and Cracks Type 2
6005724d1.dat                  Sticker  1.0 x  3.9 (No. 11) with Diamond Bricks and Cracks Type 1
6005724d2.dat                  Sticker  1.0 x  3.9 (No. 12) with Diamond Bricks and Cracks Type 2
6005724j1.dat                  Sticker  2.6 x  1.6 with Book Cover Moria Chronicles (Front)
6005724j2.dat                  Sticker  2.6 x  1.6 with Book Cover Moria Chronicles (Back)
6005724l.dat                   Sticker  1.9 x  3.9 with Large Runes
6005724n.dat                   Sticker  5.9 x  1.8 with Wall and Diamond Bricks
6005745d.dat                   Sticker  1.1 x  3.9 with Black "SOPWITH"
6058327b.dat                   Sticker  1.7 x  1.7 Round with Light Grey Circles and Stripes
6074343j.dat                   Sticker  1.4 x  2.6 with Classic Space Logo
6074343k.dat                   Sticker  2.4 x  1.9 with Red Crosshair 
u9014.dat                      ~Electric RC Race Buggy Axle Support
u9040.dat                      ~Electric  4.5V Battery Box  7 x 11 x  3.333 Type 1 Base
u9041.dat                      ~Electric  4.5V Battery Box  7 x 11 x  3.333 Type 2 Base
u9105.dat                      ~Figure Fabuland Mouse Head without Pattern
u9170.dat                      ~Fabuland Stroller
u9327.dat                      ~Electric Power Functions 2.0 Medium Motor Front
125.dat                        ~Boat Hull Floating  6 x 24 x  3 Hull
304.dat                        ~Train Signal Semaphore Base  4 x  9
522.dat                        ~Minifig Cape Cloth (Obsolete)
561.dat                        ~Electric  4.5V Battery Box  7 x 11 x  3 Type 1 Base
676p01.dat                     ~Roadsign Wide Rectangle with Snack Bar White Pattern (Obsolete)
766a.dat                       ~Electric Plug (Type 4) Twin with Centre Plastic Pin
2373.dat                       ~Boat Hull Floating 25 x 10 Deck
2535.dat                       ~Minifig Cannon Shooting Breech
2557.dat                       ~Boat Bow 16 x 12 x 5 1/3 Hull Inside
2772.dat                       ~Monorail Track Switch Base
2793.dat                       ~Technic Pneumatic Cylinder 2 x 2 x 5 with 2 Ports
2797.dat                       ~Technic Pneumatic Cylinder 2 x 2 Base Type 2
2840.dat                       ~Technic Control Centre II - Base Bottom (Needs Work)
2844.dat                       ~Technic Control Centre II - Large Round Button
2868.dat                       ~Train Speed Regulator  9V - Underside
4706.dat                       ~Technic Pneumatic Distribution Block  2 x  4 Internals
6050.dat                       ~Boat Bow 12 x 12 x  5 & 1/3 Hull Outside
10355.dat                      ~Animal Horse Poseable Rear Right Leg
15301.dat                      ~Spring Shooter  1 x  4 x  1 Bottom
30187.dat                      ~Bike  3 Wheel Motorcycle Body Upper
32029.dat                      ~Electric Code Pilot Lower Laser Cone
32074.dat                      ~Technic Competition Cannon with Round Bottom Base (Needs Work)
32181.dat                      ~Technic Shock Absorber 10L Damped, Cylinder
40377.dat                      ~Animal Dinosaur Tail/Neck Curved - Bottom (Needs Work)
40391.dat                      ~Animal Dinosaur Tail/Neck S Curve - Bottom (Needs Work)
42865.dat                      ~Technic Pin with Friction Ridges Lengthwise and Solid End
46217.dat                      ~Technic Gearbox  3 x  4 x  1.667 T-shaped Base
46224.dat                      ~Technic Gearbox  2 x  4 x  4 Base
48912.dat                      ~Technic Shock Absorber 11L/9L Top
55816.dat                      ~Electric Mindstorms NXT Sensor Shell Back
55964.dat                      ~Electric Mindstorms NXT Sound Sensor Shell Front
58132.dat                      ~Electric Power Functions IR Remote Control Top (Needs Work)
59154.dat                      ~Electric Power Functions XL Motor Back (Needs Work)
59155.dat                      ~Electric Power Functions XL Motor Front (Needs Work)
62698k02.dat                   ~Minifig Computer Laptop Hinge
64415.dat                      ~Train Buffer Beam with Plow
64835p01.dat                   ~Animal Cow Head Left with Blaze, Muzzle and Eye Pattern
64893.dat                      ~Electric Mindstorms NXT Color Sensor / Color Lamp Shell Front
84725.dat                      ~Electric Power Functions Rechargeable Battery Box Top
84750.dat                      ~Electric Power Functions IR Handset Incr. IR Glass (Needs Work)
99378.dat                      ~Electric Mindstorms EV3 Ultrasonic/IR Sensor Shell "Eyes" Back
